// Jest Snapshot v1, https://goo.gl/fbAQLP

exports[`ChallengesListScreen should render 1`] = `
ShallowWrapper {
  Symbol(enzyme.__root__): [Circular],
  Symbol(enzyme.__unrendered__): <ChallengesListScreen
    challenges={Array []}
    labels={Array []}
    name="level 1"
    onPressLeftIcon={[Function]}
    totalCoins={1234}
  />,
  Symbol(enzyme.__renderer__): Object {
    "batchedUpdates": [Function],
    "getNode": [Function],
    "render": [Function],
    "simulateError": [Function],
    "simulateEvent": [Function],
    "unmount": [Function],
  },
  Symbol(enzyme.__node__): Object {
    "instance": null,
    "key": undefined,
    "nodeType": "class",
    "props": Object {
      "children": Array [
        <SafeAreaView
          style={
            Object {
              "backgroundColor": "rgb(154, 231, 216)",
              "bottom": 0,
              "left": 0,
              "position": "absolute",
              "right": 0,
              "top": 0,
            }
          }
        >
          <Component
            resizeMode="cover"
            source={
              Object {
                "testUri": "../../../assets/challenges/forest.png",
              }
            }
            style={
              Object {
                "height": 1334,
                "width": 750,
              }
            }
          />
        </SafeAreaView>,
        <View
          style={
            Object {
              "alignItems": "center",
              "justifyContent": "center",
              "left": 0,
              "paddingHorizontal": 30,
              "position": "absolute",
              "right": 0,
              "top": 40,
            }
          }
        >
          <ChallengeSet
            challenges={Array []}
          />
        </View>,
        <TopBar
          coins={1234}
          leftIcon="Back"
          menuLabel="map"
          name="level 1"
          onPressLeftIcon={[Function]}
          type="default"
        />,
        <View
          style={
            Object {
              "alignItems": "center",
              "bottom": 36,
              "justifyContent": "center",
              "left": 0,
              "position": "absolute",
              "right": 0,
              "width": "100%",
            }
          }
        >
          <NavBar
            activeIndex={1}
            colour="light"
            labels={Array []}
          />
        </View>,
      ],
      "style": Object {
        "flex": 1,
      },
    },
    "ref": null,
    "rendered": Array [
      Object {
        "instance": null,
        "key": undefined,
        "nodeType": "class",
        "props": Object {
          "children": <Component
            resizeMode="cover"
            source={
              Object {
                "testUri": "../../../assets/challenges/forest.png",
              }
            }
            style={
              Object {
                "height": 1334,
                "width": 750,
              }
            }
          />,
          "style": Object {
            "backgroundColor": "rgb(154, 231, 216)",
            "bottom": 0,
            "left": 0,
            "position": "absolute",
            "right": 0,
            "top": 0,
          },
        },
        "ref": null,
        "rendered": Object {
          "instance": null,
          "key": undefined,
          "nodeType": "class",
          "props": Object {
            "resizeMode": "cover",
            "source": Object {
              "testUri": "../../../assets/challenges/forest.png",
            },
            "style": Object {
              "height": 1334,
              "width": 750,
            },
          },
          "ref": null,
          "rendered": null,
          "type": [Function],
        },
        "type": [Function],
      },
      Object {
        "instance": null,
        "key": undefined,
        "nodeType": "class",
        "props": Object {
          "children": <ChallengeSet
            challenges={Array []}
          />,
          "style": Object {
            "alignItems": "center",
            "justifyContent": "center",
            "left": 0,
            "paddingHorizontal": 30,
            "position": "absolute",
            "right": 0,
            "top": 40,
          },
        },
        "ref": null,
        "rendered": Object {
          "instance": null,
          "key": undefined,
          "nodeType": "function",
          "props": Object {
            "challenges": Array [],
          },
          "ref": null,
          "rendered": null,
          "type": [Function],
        },
        "type": [Function],
      },
      Object {
        "instance": null,
        "key": undefined,
        "nodeType": "class",
        "props": Object {
          "coins": 1234,
          "leftIcon": "Back",
          "menuLabel": "map",
          "name": "level 1",
          "onPressLeftIcon": [Function],
          "type": "default",
        },
        "ref": null,
        "rendered": null,
        "type": [Function],
      },
      Object {
        "instance": null,
        "key": undefined,
        "nodeType": "class",
        "props": Object {
          "children": <NavBar
            activeIndex={1}
            colour="light"
            labels={Array []}
          />,
          "style": Object {
            "alignItems": "center",
            "bottom": 36,
            "justifyContent": "center",
            "left": 0,
            "position": "absolute",
            "right": 0,
            "width": "100%",
          },
        },
        "ref": null,
        "rendered": Object {
          "instance": null,
          "key": undefined,
          "nodeType": "class",
          "props": Object {
            "activeIndex": 1,
            "colour": "light",
            "labels": Array [],
          },
          "ref": null,
          "rendered": null,
          "type": [Function],
        },
        "type": [Function],
      },
    ],
    "type": [Function],
  },
  Symbol(enzyme.__nodes__): Array [
    Object {
      "instance": null,
      "key": undefined,
      "nodeType": "class",
      "props": Object {
        "children": Array [
          <SafeAreaView
            style={
              Object {
                "backgroundColor": "rgb(154, 231, 216)",
                "bottom": 0,
                "left": 0,
                "position": "absolute",
                "right": 0,
                "top": 0,
              }
            }
          >
            <Component
              resizeMode="cover"
              source={
                Object {
                  "testUri": "../../../assets/challenges/forest.png",
                }
              }
              style={
                Object {
                  "height": 1334,
                  "width": 750,
                }
              }
            />
          </SafeAreaView>,
          <View
            style={
              Object {
                "alignItems": "center",
                "justifyContent": "center",
                "left": 0,
                "paddingHorizontal": 30,
                "position": "absolute",
                "right": 0,
                "top": 40,
              }
            }
          >
            <ChallengeSet
              challenges={Array []}
            />
          </View>,
          <TopBar
            coins={1234}
            leftIcon="Back"
            menuLabel="map"
            name="level 1"
            onPressLeftIcon={[Function]}
            type="default"
          />,
          <View
            style={
              Object {
                "alignItems": "center",
                "bottom": 36,
                "justifyContent": "center",
                "left": 0,
                "position": "absolute",
                "right": 0,
                "width": "100%",
              }
            }
          >
            <NavBar
              activeIndex={1}
              colour="light"
              labels={Array []}
            />
          </View>,
        ],
        "style": Object {
          "flex": 1,
        },
      },
      "ref": null,
      "rendered": Array [
        Object {
          "instance": null,
          "key": undefined,
          "nodeType": "class",
          "props": Object {
            "children": <Component
              resizeMode="cover"
              source={
                Object {
                  "testUri": "../../../assets/challenges/forest.png",
                }
              }
              style={
                Object {
                  "height": 1334,
                  "width": 750,
                }
              }
            />,
            "style": Object {
              "backgroundColor": "rgb(154, 231, 216)",
              "bottom": 0,
              "left": 0,
              "position": "absolute",
              "right": 0,
              "top": 0,
            },
          },
          "ref": null,
          "rendered": Object {
            "instance": null,
            "key": undefined,
            "nodeType": "class",
            "props": Object {
              "resizeMode": "cover",
              "source": Object {
                "testUri": "../../../assets/challenges/forest.png",
              },
              "style": Object {
                "height": 1334,
                "width": 750,
              },
            },
            "ref": null,
            "rendered": null,
            "type": [Function],
          },
          "type": [Function],
        },
        Object {
          "instance": null,
          "key": undefined,
          "nodeType": "class",
          "props": Object {
            "children": <ChallengeSet
              challenges={Array []}
            />,
            "style": Object {
              "alignItems": "center",
              "justifyContent": "center",
              "left": 0,
              "paddingHorizontal": 30,
              "position": "absolute",
              "right": 0,
              "top": 40,
            },
          },
          "ref": null,
          "rendered": Object {
            "instance": null,
            "key": undefined,
            "nodeType": "function",
            "props": Object {
              "challenges": Array [],
            },
            "ref": null,
            "rendered": null,
            "type": [Function],
          },
          "type": [Function],
        },
        Object {
          "instance": null,
          "key": undefined,
          "nodeType": "class",
          "props": Object {
            "coins": 1234,
            "leftIcon": "Back",
            "menuLabel": "map",
            "name": "level 1",
            "onPressLeftIcon": [Function],
            "type": "default",
          },
          "ref": null,
          "rendered": null,
          "type": [Function],
        },
        Object {
          "instance": null,
          "key": undefined,
          "nodeType": "class",
          "props": Object {
            "children": <NavBar
              activeIndex={1}
              colour="light"
              labels={Array []}
            />,
            "style": Object {
              "alignItems": "center",
              "bottom": 36,
              "justifyContent": "center",
              "left": 0,
              "position": "absolute",
              "right": 0,
              "width": "100%",
            },
          },
          "ref": null,
          "rendered": Object {
            "instance": null,
            "key": undefined,
            "nodeType": "class",
            "props": Object {
              "activeIndex": 1,
              "colour": "light",
              "labels": Array [],
            },
            "ref": null,
            "rendered": null,
            "type": [Function],
          },
          "type": [Function],
        },
      ],
      "type": [Function],
    },
  ],
  Symbol(enzyme.__options__): Object {
    "adapter": ReactSixteenAdapter {
      "options": Object {
        "enableComponentDidUpdateOnSetState": true,
        "lifecycles": Object {
          "componentDidUpdate": Object {
            "onSetState": true,
          },
          "getDerivedStateFromProps": true,
          "getSnapshotBeforeUpdate": true,
          "setState": Object {
            "skipsComponentDidUpdateOnNullish": true,
          },
        },
      },
    },
    "attachTo": undefined,
    "hydrateIn": undefined,
  },
}
`;

exports[`ChallengesListScreen should render as Android 1`] = `
ShallowWrapper {
  Symbol(enzyme.__root__): [Circular],
  Symbol(enzyme.__unrendered__): <ChallengesListScreen
    challenges={Array []}
    labels={Array []}
    name="level 1"
    onPressLeftIcon={[Function]}
    totalCoins={1234}
  />,
  Symbol(enzyme.__renderer__): Object {
    "batchedUpdates": [Function],
    "getNode": [Function],
    "render": [Function],
    "simulateError": [Function],
    "simulateEvent": [Function],
    "unmount": [Function],
  },
  Symbol(enzyme.__node__): Object {
    "instance": null,
    "key": undefined,
    "nodeType": "class",
    "props": Object {
      "children": Array [
        <SafeAreaView
          style={
            Object {
              "backgroundColor": "rgb(154, 231, 216)",
              "bottom": 0,
              "left": 0,
              "position": "absolute",
              "right": 0,
              "top": 0,
            }
          }
        >
          <Component
            resizeMode="cover"
            source={
              Object {
                "testUri": "../../../assets/challenges/forest.png",
              }
            }
            style={
              Object {
                "height": 1334,
                "width": 750,
              }
            }
          />
        </SafeAreaView>,
        <View
          style={
            Object {
              "alignItems": "center",
              "justifyContent": "center",
              "left": 0,
              "paddingHorizontal": 30,
              "position": "absolute",
              "right": 0,
              "top": 40,
            }
          }
        >
          <ChallengeSet
            challenges={Array []}
          />
        </View>,
        <TopBar
          coins={1234}
          leftIcon="Back"
          menuLabel="map"
          name="level 1"
          onPressLeftIcon={[Function]}
          type="default"
        />,
        <View
          style={
            Object {
              "alignItems": "center",
              "bottom": 36,
              "justifyContent": "center",
              "left": 0,
              "position": "absolute",
              "right": 0,
              "width": "100%",
            }
          }
        >
          <NavBar
            activeIndex={1}
            colour="light"
            labels={Array []}
          />
        </View>,
      ],
      "style": Object {
        "flex": 1,
      },
    },
    "ref": null,
    "rendered": Array [
      Object {
        "instance": null,
        "key": undefined,
        "nodeType": "class",
        "props": Object {
          "children": <Component
            resizeMode="cover"
            source={
              Object {
                "testUri": "../../../assets/challenges/forest.png",
              }
            }
            style={
              Object {
                "height": 1334,
                "width": 750,
              }
            }
          />,
          "style": Object {
            "backgroundColor": "rgb(154, 231, 216)",
            "bottom": 0,
            "left": 0,
            "position": "absolute",
            "right": 0,
            "top": 0,
          },
        },
        "ref": null,
        "rendered": Object {
          "instance": null,
          "key": undefined,
          "nodeType": "class",
          "props": Object {
            "resizeMode": "cover",
            "source": Object {
              "testUri": "../../../assets/challenges/forest.png",
            },
            "style": Object {
              "height": 1334,
              "width": 750,
            },
          },
          "ref": null,
          "rendered": null,
          "type": [Function],
        },
        "type": [Function],
      },
      Object {
        "instance": null,
        "key": undefined,
        "nodeType": "class",
        "props": Object {
          "children": <ChallengeSet
            challenges={Array []}
          />,
          "style": Object {
            "alignItems": "center",
            "justifyContent": "center",
            "left": 0,
            "paddingHorizontal": 30,
            "position": "absolute",
            "right": 0,
            "top": 40,
          },
        },
        "ref": null,
        "rendered": Object {
          "instance": null,
          "key": undefined,
          "nodeType": "function",
          "props": Object {
            "challenges": Array [],
          },
          "ref": null,
          "rendered": null,
          "type": [Function],
        },
        "type": [Function],
      },
      Object {
        "instance": null,
        "key": undefined,
        "nodeType": "class",
        "props": Object {
          "coins": 1234,
          "leftIcon": "Back",
          "menuLabel": "map",
          "name": "level 1",
          "onPressLeftIcon": [Function],
          "type": "default",
        },
        "ref": null,
        "rendered": null,
        "type": [Function],
      },
      Object {
        "instance": null,
        "key": undefined,
        "nodeType": "class",
        "props": Object {
          "children": <NavBar
            activeIndex={1}
            colour="light"
            labels={Array []}
          />,
          "style": Object {
            "alignItems": "center",
            "bottom": 36,
            "justifyContent": "center",
            "left": 0,
            "position": "absolute",
            "right": 0,
            "width": "100%",
          },
        },
        "ref": null,
        "rendered": Object {
          "instance": null,
          "key": undefined,
          "nodeType": "class",
          "props": Object {
            "activeIndex": 1,
            "colour": "light",
            "labels": Array [],
          },
          "ref": null,
          "rendered": null,
          "type": [Function],
        },
        "type": [Function],
      },
    ],
    "type": [Function],
  },
  Symbol(enzyme.__nodes__): Array [
    Object {
      "instance": null,
      "key": undefined,
      "nodeType": "class",
      "props": Object {
        "children": Array [
          <SafeAreaView
            style={
              Object {
                "backgroundColor": "rgb(154, 231, 216)",
                "bottom": 0,
                "left": 0,
                "position": "absolute",
                "right": 0,
                "top": 0,
              }
            }
          >
            <Component
              resizeMode="cover"
              source={
                Object {
                  "testUri": "../../../assets/challenges/forest.png",
                }
              }
              style={
                Object {
                  "height": 1334,
                  "width": 750,
                }
              }
            />
          </SafeAreaView>,
          <View
            style={
              Object {
                "alignItems": "center",
                "justifyContent": "center",
                "left": 0,
                "paddingHorizontal": 30,
                "position": "absolute",
                "right": 0,
                "top": 40,
              }
            }
          >
            <ChallengeSet
              challenges={Array []}
            />
          </View>,
          <TopBar
            coins={1234}
            leftIcon="Back"
            menuLabel="map"
            name="level 1"
            onPressLeftIcon={[Function]}
            type="default"
          />,
          <View
            style={
              Object {
                "alignItems": "center",
                "bottom": 36,
                "justifyContent": "center",
                "left": 0,
                "position": "absolute",
                "right": 0,
                "width": "100%",
              }
            }
          >
            <NavBar
              activeIndex={1}
              colour="light"
              labels={Array []}
            />
          </View>,
        ],
        "style": Object {
          "flex": 1,
        },
      },
      "ref": null,
      "rendered": Array [
        Object {
          "instance": null,
          "key": undefined,
          "nodeType": "class",
          "props": Object {
            "children": <Component
              resizeMode="cover"
              source={
                Object {
                  "testUri": "../../../assets/challenges/forest.png",
                }
              }
              style={
                Object {
                  "height": 1334,
                  "width": 750,
                }
              }
            />,
            "style": Object {
              "backgroundColor": "rgb(154, 231, 216)",
              "bottom": 0,
              "left": 0,
              "position": "absolute",
              "right": 0,
              "top": 0,
            },
          },
          "ref": null,
          "rendered": Object {
            "instance": null,
            "key": undefined,
            "nodeType": "class",
            "props": Object {
              "resizeMode": "cover",
              "source": Object {
                "testUri": "../../../assets/challenges/forest.png",
              },
              "style": Object {
                "height": 1334,
                "width": 750,
              },
            },
            "ref": null,
            "rendered": null,
            "type": [Function],
          },
          "type": [Function],
        },
        Object {
          "instance": null,
          "key": undefined,
          "nodeType": "class",
          "props": Object {
            "children": <ChallengeSet
              challenges={Array []}
            />,
            "style": Object {
              "alignItems": "center",
              "justifyContent": "center",
              "left": 0,
              "paddingHorizontal": 30,
              "position": "absolute",
              "right": 0,
              "top": 40,
            },
          },
          "ref": null,
          "rendered": Object {
            "instance": null,
            "key": undefined,
            "nodeType": "function",
            "props": Object {
              "challenges": Array [],
            },
            "ref": null,
            "rendered": null,
            "type": [Function],
          },
          "type": [Function],
        },
        Object {
          "instance": null,
          "key": undefined,
          "nodeType": "class",
          "props": Object {
            "coins": 1234,
            "leftIcon": "Back",
            "menuLabel": "map",
            "name": "level 1",
            "onPressLeftIcon": [Function],
            "type": "default",
          },
          "ref": null,
          "rendered": null,
          "type": [Function],
        },
        Object {
          "instance": null,
          "key": undefined,
          "nodeType": "class",
          "props": Object {
            "children": <NavBar
              activeIndex={1}
              colour="light"
              labels={Array []}
            />,
            "style": Object {
              "alignItems": "center",
              "bottom": 36,
              "justifyContent": "center",
              "left": 0,
              "position": "absolute",
              "right": 0,
              "width": "100%",
            },
          },
          "ref": null,
          "rendered": Object {
            "instance": null,
            "key": undefined,
            "nodeType": "class",
            "props": Object {
              "activeIndex": 1,
              "colour": "light",
              "labels": Array [],
            },
            "ref": null,
            "rendered": null,
            "type": [Function],
          },
          "type": [Function],
        },
      ],
      "type": [Function],
    },
  ],
  Symbol(enzyme.__options__): Object {
    "adapter": ReactSixteenAdapter {
      "options": Object {
        "enableComponentDidUpdateOnSetState": true,
        "lifecycles": Object {
          "componentDidUpdate": Object {
            "onSetState": true,
          },
          "getDerivedStateFromProps": true,
          "getSnapshotBeforeUpdate": true,
          "setState": Object {
            "skipsComponentDidUpdateOnNullish": true,
          },
        },
      },
    },
    "attachTo": undefined,
    "hydrateIn": undefined,
  },
}
`;
