// Jest Snapshot v1, https://goo.gl/fbAQLP

exports[`Plus SVG should render without props 1`] = `
ShallowWrapper {
  Symbol(enzyme.__root__): [Circular],
  Symbol(enzyme.__unrendered__): <Plus />,
  Symbol(enzyme.__renderer__): Object {
    "batchedUpdates": [Function],
    "getNode": [Function],
    "render": [Function],
    "simulateEvent": [Function],
    "unmount": [Function],
  },
  Symbol(enzyme.__node__): Object {
    "instance": null,
    "key": undefined,
    "nodeType": "class",
    "props": Object {
      "children": <Path
        d="M17.5,8H11V1.5C11,0.7,10.3,0,9.5,0C8.7,0,8,0.7,8,1.5V8H1.5C0.7,8,0,8.7,0,9.5S0.7,11,1.5,11H8v6.5 C8,18.3,8.7,19,9.5,19c0.8,0,1.5-0.7,1.5-1.5V11h6.5c0.8,0,1.5-0.7,1.5-1.5S18.3,8,17.5,8z"
        fill="rgb(226,1,119)"
        stroke="rgb(226,1,119)"
      />,
      "height": 19,
      "preserveAspectRatio": "xMidYMid meet",
      "viewBox": "0 0 19 19",
      "width": 19,
    },
    "ref": null,
    "rendered": Object {
      "instance": null,
      "key": undefined,
      "nodeType": "class",
      "props": Object {
        "d": "M17.5,8H11V1.5C11,0.7,10.3,0,9.5,0C8.7,0,8,0.7,8,1.5V8H1.5C0.7,8,0,8.7,0,9.5S0.7,11,1.5,11H8v6.5 C8,18.3,8.7,19,9.5,19c0.8,0,1.5-0.7,1.5-1.5V11h6.5c0.8,0,1.5-0.7,1.5-1.5S18.3,8,17.5,8z",
        "fill": "rgb(226,1,119)",
        "stroke": "rgb(226,1,119)",
      },
      "ref": null,
      "rendered": null,
      "type": [Function],
    },
    "type": [Function],
  },
  Symbol(enzyme.__nodes__): Array [
    Object {
      "instance": null,
      "key": undefined,
      "nodeType": "class",
      "props": Object {
        "children": <Path
          d="M17.5,8H11V1.5C11,0.7,10.3,0,9.5,0C8.7,0,8,0.7,8,1.5V8H1.5C0.7,8,0,8.7,0,9.5S0.7,11,1.5,11H8v6.5 C8,18.3,8.7,19,9.5,19c0.8,0,1.5-0.7,1.5-1.5V11h6.5c0.8,0,1.5-0.7,1.5-1.5S18.3,8,17.5,8z"
          fill="rgb(226,1,119)"
          stroke="rgb(226,1,119)"
        />,
        "height": 19,
        "preserveAspectRatio": "xMidYMid meet",
        "viewBox": "0 0 19 19",
        "width": 19,
      },
      "ref": null,
      "rendered": Object {
        "instance": null,
        "key": undefined,
        "nodeType": "class",
        "props": Object {
          "d": "M17.5,8H11V1.5C11,0.7,10.3,0,9.5,0C8.7,0,8,0.7,8,1.5V8H1.5C0.7,8,0,8.7,0,9.5S0.7,11,1.5,11H8v6.5 C8,18.3,8.7,19,9.5,19c0.8,0,1.5-0.7,1.5-1.5V11h6.5c0.8,0,1.5-0.7,1.5-1.5S18.3,8,17.5,8z",
          "fill": "rgb(226,1,119)",
          "stroke": "rgb(226,1,119)",
        },
        "ref": null,
        "rendered": null,
        "type": [Function],
      },
      "type": [Function],
    },
  ],
  Symbol(enzyme.__options__): Object {
    "adapter": ReactSixteenAdapter {
      "options": Object {
        "enableComponentDidUpdateOnSetState": true,
        "lifecycles": Object {
          "componentDidUpdate": Object {
            "onSetState": true,
          },
          "getSnapshotBeforeUpdate": true,
        },
      },
    },
    "attachTo": undefined,
    "hydrateIn": undefined,
  },
}
`;
